=== CPV Suggestion Test === 
  % Total    % Received % Xferd  Average Speed   Time    Time     Time  Current
                                 Dload  Upload   Total   Spent    Left  Speed
  0     0    0     0    0     0      0      0 --:--:-- --:--:-- --:--:--     0100    55    0     0  100    55      0    264 --:--:-- --:--:-- --:--:--   263100    55    0     0  100    55      0     45  0:00:01  0:00:01 --:--:--    45100    55    0     0  100    55      0     24  0:00:02  0:00:02 --:--:--    24100    55    0     0  100    55      0     17  0:00:03  0:00:03 --:--:--    17100    55    0     0  100    55      0     12  0:00:04  0:00:04 --:--:--    12100    55    0     0  100    55      0     10  0:00:05  0:00:05 --:--:--     0100    55    0     0  100    55      0      8  0:00:06  0:00:06 --:--:--     0100    55    0     0  100    55      0      7  0:00:07  0:00:07 --:--:--     0100    55    0     0  100    55      0      6  0:00:09  0:00:08  0:00:01     0100    55    0     0  100    55      0      5  0:00:11  0:00:09  0:00:02     0100    55    0     0  100    55      0      5  0:00:11  0:00:10  0:00:01     0100    55    0     0  100    55      0      4  0:00:13  0:00:11  0:00:02     0100    55    0     0  100    55      0      4  0:00:13  0:00:12  0:00:01     0100    55    0     0  100    55      0      4  0:00:13  0:00:13 --:--:--     0100    55    0     0  100    55      0      3  0:00:18  0:00:14  0:00:04     0100    55    0     0  100    55      0      3  0:00:18  0:00:15  0:00:03     0100    55    0     0  100    55      0      3  0:00:18  0:00:16  0:00:02     0100    55    0     0  100    55      0      3  0:00:18  0:00:17  0:00:01     0100  2806    0  2751  100    55    154      3  0:00:18  0:00:17  0:00:01   619
{"query_id":"663122b7c3e1d1c0","language_detected":"de","codes":[{"cpv":"72200000","title":"Softwareprogrammierung und -beratung","path":["72000000 - IT-Dienste: Beratung, Software-Entwicklung, Internet und Hilfestellung","72200000 - Softwareprogrammierung und -beratung"],"confidence":0.95,"source":"llm+validated","rationale":"Core IT consulting services are directly aligned with software and IT consultancy"},{"cpv":"72220000","title":"Beratung im Bereich Systeme und technische Beratung","path":["72000000 - IT-Dienste: Beratung, Software-Entwicklung, Internet und Hilfestellung","72200000 - Softwareprogrammierung und -beratung","72220000 - Beratung im Bereich Systeme und technische Beratung"],"confidence":0.93,"source":"llm+validated","rationale":"Technical and systems consulting is a primary component of IT-Beratung"},{"cpv":"72222000","title":"Beratung in Systemarchitektur und -Entwicklung","path":["72000000 - IT-Dienste: Beratung, Software-Entwicklung, Internet und Hilfestellung","72200000 - Softwareprogrammierung und -beratung","72220000 - Beratung im Bereich Systeme und technische Beratung","72222000 - Beratung in Systemarchitektur und -Entwicklung"],"confidence":0.88,"source":"llm+validated","rationale":"IT consulting typically includes project management for IT initiatives"},{"cpv":"72222300","title":"Informationstechnische Beratungsdienste","path":["72000000 - IT-Dienste: Beratung, Software-Entwicklung, Internet und Hilfestellung","72200000 - Softwareprogrammierung und -beratung","72220000 - Beratung im Bereich Systeme und technische Beratung","72222000 - Beratung in Systemarchitektur und -Entwicklung","72222300 - Informationstechnische Beratungsdienste"],"confidence":0.85,"source":"llm+validated","rationale":"Requirements analysis is a standard IT consulting service"},{"cpv":"72224000","title":"Beratung in Projektmanagement","path":["72000000 - IT-Dienste: Beratung, Software-Entwicklung, Internet und Hilfestellung","72200000 - Softwareprogrammierung und -beratung","72220000 - Beratung im Bereich Systeme und technische Beratung","72224000 - Beratung in Projektmanagement"],"confidence":0.83,"source":"llm+validated","rationale":"Consulting often involves project management advisory"}],"rationale":"The term 'IT-Beratung' (IT consulting) encompasses a broad range of information technology advisory and consulting services. The selected CPV codes cover core areas including software consulting, systems consultancy, project management, implementation services, and technical advisory. The highest confidence codes focus on direct IT and software consulting services, while lower confidence codes represent peripheral but related services that IT consulting firms often provide.","warnings":[],"cached":false}